<html>
<body>
<pre>
<h1>µVision Build Log</h1>
<h2>Tool Versions:</h2>
IDE-Version: ¦ÌVision V5.14.0.0
Copyright (C) 2015 ARM Ltd and ARM Germany GmbH. All rights reserved.
License Information: sff adada, adad, LIC=W96Y8-33TK9-TJ16H-WW9ZL-KBDKD-51EKS
 
Tool Versions:
Toolchain:       MDK-ARM Professional  Version: 5.14.0.0
Toolchain Path:  D:\Studysoftware\Keil\ARM\ARMCC\Bin
C Compiler:      Armcc.exe V5.05 update 1 (build 106)
Assembler:       Armasm.exe V5.05 update 1 (build 106)
Linker/Locator:  ArmLink.exe V5.05 update 1 (build 106)
Library Manager: ArmAr.exe V5.05 update 1 (build 106)
Hex Converter:   FromElf.exe V5.05 update 1 (build 106)
CPU DLL:         SARMCM3.DLL V5.14.0.0
Dialog DLL:      DARMCM1.DLL V1.12.0.0
Target DLL:      STLink\ST-LINKIII-KEIL_SWO.dll V2.0.14.0_KEIL
Dialog DLL:      TARMCM1.DLL V1.9.0.0
 
<h2>Project:</h2>
D:\stduy-space\stm32l0-freertos\STM32L0-freertos\MDK-ARM\Project.uvprojx
Project File Date:  07/25/2019

<h2>Output:</h2>
Build target 'STM32L031K6_NUCLEO'
assembling startup_stm32l031xx.s...
compiling croutine.c...
compiling event_groups.c...
compiling list.c...
compiling queue.c...
compiling tasks.c...
compiling timers.c...
compiling port.c...
compiling heap_4.c...
compiling stm32l0xx_nucleo_32.c...
compiling system_stm32l0xx.c...
compiling main.c...
../Src/main.c(226): warning:  #177-D: function "Error_Handler" was declared but never referenced
  static void Error_Handler(void)
../Src/main.c: 1 warning, 0 errors
compiling stm32l0xx_hal_msp.c...
compiling stm32l0xx_it.c...
compiling uart_demo.c...
compiling stm32l0xx_hal_uart.c...
compiling stm32l0xx_hal_uart_ex.c...
compiling stm32l0xx_hal_adc.c...
compiling stm32l0xx_hal_adc_ex.c...
compiling stm32l0xx_hal_gpio.c...
compiling stm32l0xx_hal_tim_ex.c...
compiling stm32l0xx_hal_cortex.c...
compiling stm32l0xx_hal_dma.c...
compiling stm32l0xx_hal.c...
compiling stm32l0xx_hal_tim.c...
compiling stm32l0xx_hal_rcc.c...
compiling stm32l0xx_hal_rcc_ex.c...
linking...
Program Size: Code=7544 RO-data=260 RW-data=136 ZI-data=7960  
"STM32L031K6_NUCLEO\STM32L031K6_NUCLEO.axf" - 0 Error(s), 1 Warning(s).

<h2>Software Packages used:</h2>

Package Vendor: ARM
                http://www.keil.com/pack/ARM.CMSIS.4.2.0.pack
                ARM::CMSIS:CORE:3.40.0
                CMSIS (Cortex Microcontroller Software Interface Standard)
   * Component: CORE Version: 3.40.0

<h2>Collection of Component include folders:</h2>
  D:\stduy-space\stm32l0-freertos\STM32L0-freertos\MDK-ARM\RTE
  D:\Studysoftware\Keil\ARM\PACK\ARM\CMSIS\4.2.0\CMSIS\Include
  D:\Studysoftware\Keil\ARM\PACK\Keil\STM32L0xx_DFP\2.0.1

<h2>Collection of Component Files used:</h2>

   * Component: ARM::CMSIS:CORE:3.40.0
      Source file:   CMSIS\UserCodeTemplates\ARM\ITM_Retarget.c
</pre>
</body>
</html>
